[INFO] Scanning for projects...
[INFO] 
[INFO] -------------------< com.lk:microservicio-seguridad >-------------------
[INFO] Building microservicio-seguridad 0.0.1-SNAPSHOT
[INFO]   from pom.xml
[INFO] --------------------------------[ jar ]---------------------------------
[INFO] 
[INFO] --- resources:3.3.1:resources (default-resources) @ microservicio-seguridad ---
[INFO] Copying 1 resource from src\main\resources to target\classes
[INFO] Copying 0 resource from src\main\resources to target\classes
[INFO] 
[INFO] --- compiler:3.14.1:compile (default-compile) @ microservicio-seguridad ---
[INFO] Recompiling the module because of changed source code.
[INFO] Compiling 54 source files with javac [debug parameters release 17] to target\classes
[INFO] /C:/Users/lauca/Desktop/Proyecto final/microservicio-seguridad/src/main/java/com/lk/microservicio_seguridad/Services/JwtService.java: C:\Users\lauca\Desktop\Proyecto final\microservicio-seguridad\src\main\java\com\lk\microservicio_seguridad\Services\JwtService.java uses or overrides a deprecated API.
[INFO] /C:/Users/lauca/Desktop/Proyecto final/microservicio-seguridad/src/main/java/com/lk/microservicio_seguridad/Services/JwtService.java: Recompile with -Xlint:deprecation for details.
[INFO] /C:/Users/lauca/Desktop/Proyecto final/microservicio-seguridad/src/main/java/com/lk/microservicio_seguridad/Services/NotificationServiceClient.java: C:\Users\lauca\Desktop\Proyecto final\microservicio-seguridad\src\main\java\com\lk\microservicio_seguridad\Services\NotificationServiceClient.java uses unchecked or unsafe operations.
[INFO] /C:/Users/lauca/Desktop/Proyecto final/microservicio-seguridad/src/main/java/com/lk/microservicio_seguridad/Services/NotificationServiceClient.java: Recompile with -Xlint:unchecked for details.
[INFO] 
[INFO] --- resources:3.3.1:testResources (default-testResources) @ microservicio-seguridad ---
[INFO] skip non existing resourceDirectory C:\Users\lauca\Desktop\Proyecto final\microservicio-seguridad\src\test\resources
[INFO] 
[INFO] --- compiler:3.14.1:testCompile (default-testCompile) @ microservicio-seguridad ---
[INFO] Recompiling the module because of changed dependency.
[INFO] Compiling 1 source file with javac [debug parameters release 17] to target\test-classes
[INFO] 
[INFO] --- surefire:3.5.4:test (default-test) @ microservicio-seguridad ---
[INFO] Using auto detected provider org.apache.maven.surefire.junitplatform.JUnitPlatformProvider
[INFO] 
[INFO] -------------------------------------------------------
[INFO]  T E S T S
[INFO] -------------------------------------------------------
[INFO] Running com.lk.microservicio_seguridad.MicroservicioSeguridadApplicationTests
15:31:38.307 [main] INFO org.springframework.test.context.support.AnnotationConfigContextLoaderUtils -- Could not detect default configuration classes for test class [com.lk.microservicio_seguridad.MicroservicioSeguridadApplicationTests]: MicroservicioSeguridadApplicationTests does not declare any static, non-private, non-final, nested classes annotated with @Configuration.
15:31:38.527 [main] INFO org.springframework.boot.test.context.SpringBootTestContextBootstrapper -- Found @SpringBootConfiguration com.lk.microservicio_seguridad.MicroservicioSeguridadApplication for test class com.lk.microservicio_seguridad.MicroservicioSeguridadApplicationTests

  .   ____          _            __ _ _
 /\\ / ___'_ __ _ _(_)_ __  __ _ \ \ \ \
( ( )\___ | '_ | '_| | '_ \/ _` | \ \ \ \
 \\/  ___)| |_)| | | | | || (_| |  ) ) ) )
  '  |____| .__|_| |_|_| |_\__, | / / / /
 =========|_|==============|___/=/_/_/_/

 :: Spring Boot ::                (v4.0.3)

2026-05-13T15:31:40.042-05:00  INFO 18212 --- [microservicio-seguridad] [           main] m.MicroservicioSeguridadApplicationTests : Starting MicroservicioSeguridadApplicationTests using Java 17.0.12 with PID 18212 (started by lauca in C:\Users\lauca\Desktop\Proyecto final\microservicio-seguridad)
2026-05-13T15:31:40.045-05:00  INFO 18212 --- [microservicio-seguridad] [           main] m.MicroservicioSeguridadApplicationTests : No active profile set, falling back to 1 default profile: "default"
2026-05-13T15:31:41.653-05:00  INFO 18212 --- [microservicio-seguridad] [           main] .s.d.r.c.RepositoryConfigurationDelegate : Bootstrapping Spring Data MongoDB repositories in DEFAULT mode.
2026-05-13T15:31:41.934-05:00  INFO 18212 --- [microservicio-seguridad] [           main] .s.d.r.c.RepositoryConfigurationDelegate : Finished Spring Data repository scanning in 266 ms. Found 8 MongoDB repository interfaces.
2026-05-13T15:31:43.212-05:00  INFO 18212 --- [microservicio-seguridad] [           main] org.mongodb.driver.client                : MongoClient with metadata {"application": {"name": "Cluster0"}, "driver": {"name": "mongo-java-driver|spring-boot|sync", "version": "5.6.3"}, "os": {"type": "Windows", "name": "Windows 11", "architecture": "amd64", "version": "10.0"}, "platform": "Java/Oracle Corporation/17.0.12+8-LTS-286"} created with settings MongoClientSettings{readPreference=primary, writeConcern=WriteConcern{w=null, wTimeout=null ms, journal=null}, retryWrites=true, retryReads=true, readConcern=ReadConcern{level=null}, credential=MongoCredential{mechanism=null, userName='lauracardona43736_db_user', source='admin', password=<hidden>, mechanismProperties=<hidden>}, transportSettings=null, commandListeners=[], codecRegistry=ProvidersCodecRegistry{codecProviders=[ValueCodecProvider{}, BsonValueCodecProvider{}, DBRefCodecProvider{}, DBObjectCodecProvider{}, DocumentCodecProvider{}, CollectionCodecProvider{}, IterableCodecProvider{}, MapCodecProvider{}, GeoJsonCodecProvider{}, GridFSFileCodecProvider{}, Jsr310CodecProvider{}, JsonObjectCodecProvider{}, BsonCodecProvider{}, com.mongodb.client.model.mql.ExpressionCodecProvider@34a20f16, com.mongodb.Jep395RecordCodecProvider@496cc217, com.mongodb.KotlinCodecProvider@1a1c21b4, EnumCodecProvider{}]}, loggerSettings=LoggerSettings{maxDocumentLength=1000}, clusterSettings={hosts=[127.0.0.1:27017], srvHost=cluster0.6zvdelq.mongodb.net, srvServiceName=mongodb, mode=MULTIPLE, requiredClusterType=REPLICA_SET, requiredReplicaSetName='atlas-1h8bgj-shard-0', serverSelector='null', clusterListeners='[]', serverSelectionTimeout='30000 ms', localThreshold='15 ms'}, socketSettings=SocketSettings{connectTimeoutMS=10000, readTimeoutMS=0, receiveBufferSize=0, proxySettings=ProxySettings{host=null, port=null, username=null, password=null}}, heartbeatSocketSettings=SocketSettings{connectTimeoutMS=10000, readTimeoutMS=10000, receiveBufferSize=0, proxySettings=ProxySettings{host=null, port=null, username=null, password=null}}, connectionPoolSettings=ConnectionPoolSettings{maxSize=100, minSize=0, maxWaitTimeMS=120000, maxConnectionLifeTimeMS=0, maxConnectionIdleTimeMS=0, maintenanceInitialDelayMS=0, maintenanceFrequencyMS=60000, connectionPoolListeners=[], maxConnecting=2}, serverSettings=ServerSettings{heartbeatFrequencyMS=10000, minHeartbeatFrequencyMS=500, serverMonitoringMode=AUTO, serverListeners='[]', serverMonitorListeners='[]'}, sslSettings=SslSettings{enabled=true, invalidHostNameAllowed=false, context=null}, applicationName='Cluster0', compressorList=[], uuidRepresentation=UNSPECIFIED, serverApi=null, autoEncryptionSettings=null, dnsClient=null, inetAddressResolver=null, contextProvider=null, timeoutMS=null}
2026-05-13T15:31:43.250-05:00  INFO 18212 --- [microservicio-seguridad] [elq.mongodb.net] org.mongodb.driver.cluster               : Adding discovered server ac-ja8wnux-shard-00-01.6zvdelq.mongodb.net:27017 to client view of cluster
2026-05-13T15:31:43.352-05:00  INFO 18212 --- [microservicio-seguridad] [elq.mongodb.net] org.mongodb.driver.cluster               : Adding discovered server ac-ja8wnux-shard-00-02.6zvdelq.mongodb.net:27017 to client view of cluster
2026-05-13T15:31:43.353-05:00  INFO 18212 --- [microservicio-seguridad] [elq.mongodb.net] org.mongodb.driver.cluster               : Adding discovered server ac-ja8wnux-shard-00-00.6zvdelq.mongodb.net:27017 to client view of cluster
2026-05-13T15:31:44.466-05:00  INFO 18212 --- [microservicio-seguridad] [ngodb.net:27017] org.mongodb.driver.cluster               : Monitor thread successfully connected to server with description ServerDescription{address=ac-ja8wnux-shard-00-01.6zvdelq.mongodb.net:27017, type=REPLICA_SET_SECONDARY, cryptd=false, state=CONNECTED, ok=true, minWireVersion=0, maxWireVersion=25, maxDocumentSize=16777216, logicalSessionTimeoutMinutes=30, roundTripTimeNanos=544631900, minRoundTripTimeNanos=0, setName='atlas-1h8bgj-shard-0', canonicalAddress=ac-ja8wnux-shard-00-01.6zvdelq.mongodb.net:27017, hosts=[ac-ja8wnux-shard-00-00.6zvdelq.mongodb.net:27017, ac-ja8wnux-shard-00-02.6zvdelq.mongodb.net:27017, ac-ja8wnux-shard-00-01.6zvdelq.mongodb.net:27017], passives=[], arbiters=[], primary='ac-ja8wnux-shard-00-02.6zvdelq.mongodb.net:27017', tagSet=TagSet{[Tag{name='availabilityZone', value='use1-az4'}, Tag{name='cacheState', value='READY'}, Tag{name='diskState', value='READY'}, Tag{name='nodeType', value='ELECTABLE'}, Tag{name='provider', value='AWS'}, Tag{name='region', value='US_EAST_1'}, Tag{name='workloadType', value='OPERATIONAL'}]}, electionId=null, setVersion=149, topologyVersion=TopologyVersion{processId=6a036443dbe3e93037c19312, counter=3}, lastWriteDate=Wed May 13 15:31:43 COT 2026, lastUpdateTimeNanos=10661293490000}
2026-05-13T15:31:44.489-05:00  INFO 18212 --- [microservicio-seguridad] [ngodb.net:27017] org.mongodb.driver.cluster               : Monitor thread successfully connected to server with description ServerDescription{address=ac-ja8wnux-shard-00-02.6zvdelq.mongodb.net:27017, type=REPLICA_SET_PRIMARY, cryptd=false, state=CONNECTED, ok=true, minWireVersion=0, maxWireVersion=25, maxDocumentSize=16777216, logicalSessionTimeoutMinutes=30, roundTripTimeNanos=546523900, minRoundTripTimeNanos=0, setName='atlas-1h8bgj-shard-0', canonicalAddress=ac-ja8wnux-shard-00-02.6zvdelq.mongodb.net:27017, hosts=[ac-ja8wnux-shard-00-00.6zvdelq.mongodb.net:27017, ac-ja8wnux-shard-00-02.6zvdelq.mongodb.net:27017, ac-ja8wnux-shard-00-01.6zvdelq.mongodb.net:27017], passives=[], arbiters=[], primary='ac-ja8wnux-shard-00-02.6zvdelq.mongodb.net:27017', tagSet=TagSet{[Tag{name='availabilityZone', value='use1-az6'}, Tag{name='cacheState', value='READY'}, Tag{name='diskState', value='READY'}, Tag{name='nodeType', value='ELECTABLE'}, Tag{name='provider', value='AWS'}, Tag{name='region', value='US_EAST_1'}, Tag{name='workloadType', value='OPERATIONAL'}]}, electionId=7fffffff00000000000001cb, setVersion=149, topologyVersion=TopologyVersion{processId=6a036190c9ec35fdf2b95948, counter=6}, lastWriteDate=Wed May 13 15:31:43 COT 2026, lastUpdateTimeNanos=10661296032700}
2026-05-13T15:31:44.468-05:00  INFO 18212 --- [microservicio-seguridad] [ngodb.net:27017] org.mongodb.driver.cluster               : Monitor thread successfully connected to server with description ServerDescription{address=ac-ja8wnux-shard-00-00.6zvdelq.mongodb.net:27017, type=REPLICA_SET_SECONDARY, cryptd=false, state=CONNECTED, ok=true, minWireVersion=0, maxWireVersion=25, maxDocumentSize=16777216, logicalSessionTimeoutMinutes=30, roundTripTimeNanos=551086700, minRoundTripTimeNanos=0, setName='atlas-1h8bgj-shard-0', canonicalAddress=ac-ja8wnux-shard-00-00.6zvdelq.mongodb.net:27017, hosts=[ac-ja8wnux-shard-00-00.6zvdelq.mongodb.net:27017, ac-ja8wnux-shard-00-02.6zvdelq.mongodb.net:27017, ac-ja8wnux-shard-00-01.6zvdelq.mongodb.net:27017], passives=[], arbiters=[], primary='ac-ja8wnux-shard-00-02.6zvdelq.mongodb.net:27017', tagSet=TagSet{[Tag{name='availabilityZone', value='use1-az2'}, Tag{name='cacheState', value='READY'}, Tag{name='diskState', value='READY'}, Tag{name='nodeType', value='ELECTABLE'}, Tag{name='provider', value='AWS'}, Tag{name='region', value='US_EAST_1'}, Tag{name='workloadType', value='OPERATIONAL'}]}, electionId=null, setVersion=149, topologyVersion=TopologyVersion{processId=6a035ee5f328633db98fe7d5, counter=4}, lastWriteDate=Wed May 13 15:31:43 COT 2026, lastUpdateTimeNanos=10661299946400}
2026-05-13T15:31:44.501-05:00  INFO 18212 --- [microservicio-seguridad] [ngodb.net:27017] org.mongodb.driver.cluster               : Discovered replica set primary ac-ja8wnux-shard-00-02.6zvdelq.mongodb.net:27017 with max election id 7fffffff00000000000001cb and max set version 149
2026-05-13T15:31:47.861-05:00  INFO 18212 --- [microservicio-seguridad] [           main] m.MicroservicioSeguridadApplicationTests : Started MicroservicioSeguridadApplicationTests in 8.927 seconds (process running for 11.544)
Java HotSpot(TM) 64-Bit Server VM warning: Sharing is only supported for boot loader classes because bootstrap classpath has been appended
[INFO] Tests run: 1, Failures: 0, Errors: 0, Skipped: 0, Time elapsed: 12.09 s -- in com.lk.microservicio_seguridad.MicroservicioSeguridadApplicationTests
[INFO] 
[INFO] Results:
[INFO] 
[INFO] Tests run: 1, Failures: 0, Errors: 0, Skipped: 0
[INFO] 
[INFO] ------------------------------------------------------------------------
[INFO] BUILD SUCCESS
[INFO] ------------------------------------------------------------------------
[INFO] Total time:  26.703 s
[INFO] Finished at: 2026-05-13T15:31:50-05:00
[INFO] ------------------------------------------------------------------------
